// Jest Snapshot v1, https://goo.gl/fbAQLP

exports[`Accordion Component only opens one section at a time 1`] = `
<ul>
  <Section
    content="Lorem ipsum dolor sit amet consectetur adipisicing elit."
    handler={[Function]}
    id={0}
    key="0"
    selectedIndex={0}
    title="Section 1"
  />
  <Section
    content="Cupiditate tenetur aliquam necessitatibus id distinctio quas nihil ipsam nisi modi!"
    handler={[Function]}
    id={1}
    key="1"
    selectedIndex={0}
    title="Section 2"
  />
  <Section
    content="Animi amet cumque sint cupiditate officia ab voluptatibus libero optio et?"
    handler={[Function]}
    id={2}
    key="2"
    selectedIndex={0}
    title="Section 3"
  />
</ul>
`;

exports[`Accordion Component opens any clicked section 1`] = `
<ul>
  <Section
    content="Lorem ipsum dolor sit amet consectetur adipisicing elit."
    handler={[Function]}
    id={0}
    key="0"
    selectedIndex={0}
    title="Section 1"
  />
  <Section
    content="Cupiditate tenetur aliquam necessitatibus id distinctio quas nihil ipsam nisi modi!"
    handler={[Function]}
    id={1}
    key="1"
    selectedIndex={0}
    title="Section 2"
  />
  <Section
    content="Animi amet cumque sint cupiditate officia ab voluptatibus libero optio et?"
    handler={[Function]}
    id={2}
    key="2"
    selectedIndex={0}
    title="Section 3"
  />
</ul>
`;

exports[`Accordion Component renders empty given no Accordion without errors 1`] = `<ul />`;

exports[`Accordion Component renders the no sections by default 1`] = `
<ul>
  <Section
    content="Lorem ipsum dolor sit amet consectetur adipisicing elit."
    handler={[Function]}
    id={0}
    key="0"
    selectedIndex={0}
    title="Section 1"
  />
  <Section
    content="Cupiditate tenetur aliquam necessitatibus id distinctio quas nihil ipsam nisi modi!"
    handler={[Function]}
    id={1}
    key="1"
    selectedIndex={0}
    title="Section 2"
  />
  <Section
    content="Animi amet cumque sint cupiditate officia ab voluptatibus libero optio et?"
    handler={[Function]}
    id={2}
    key="2"
    selectedIndex={0}
    title="Section 3"
  />
</ul>
`;
